LCD_HD44780_I2C.c:46:6:LCD_SendDataToExpander	24	static
LCD_HD44780_I2C.c:54:20:LCD_SetDataPort	16	static
LCD_HD44780_I2C.c:75:20:LCD_SetRS	8	static
LCD_HD44780_I2C.c:81:20:LCD_ClearRS	8	static
LCD_HD44780_I2C.c:87:20:LCD_SetEN	8	static
LCD_HD44780_I2C.c:93:20:LCD_ClearEN	8	static
LCD_HD44780_I2C.c:105:20:LCD_ClearRW	8	static
LCD_HD44780_I2C.c:111:6:LCD_BacklightOff	8	static
LCD_HD44780_I2C.c:117:6:LCD_BacklightOn	8	static
LCD_HD44780_I2C.c:126:6:LCD_WriteByte	16	static
LCD_HD44780_I2C.c:143:6:LCD_WriteCmd	16	static
LCD_HD44780_I2C.c:153:6:LCD_WriteData	16	static
LCD_HD44780_I2C.c:168:6:LCD_Char	16	static
LCD_HD44780_I2C.c:176:6:LCD_String	24	static
LCD_HD44780_I2C.c:186:6:LCD_Int	40	static
LCD_HD44780_I2C.c:196:6:LCD_Hex	40	static
LCD_HD44780_I2C.c:209:6:LCD_DefChar	24	static
LCD_HD44780_I2C.c:223:6:LCD_Home	8	static
LCD_HD44780_I2C.c:231:6:LCD_Cursor	16	static
LCD_HD44780_I2C.c:242:6:LCD_Blink	16	static
LCD_HD44780_I2C.c:253:6:LCD_Locate	16	static
LCD_HD44780_I2C.c:283:6:LCD_Cls	8	static
LCD_HD44780_I2C.c:291:6:LCD_Init	16	static
